// Jest Snapshot v1, https://goo.gl/fbAQLP

exports[`should render Expense list component 1`] = `
<div>
  <h1>
    Expense List
  </h1>
  <_default
    expense={
      Object {
        "amount": 120,
        "createdAt": 0,
        "description": "Gum",
        "id": "1",
        "note": "",
      }
    }
    key="1"
  />
  <_default
    expense={
      Object {
        "amount": 120300,
        "createdAt": -345600000,
        "description": "Rent",
        "id": "2",
        "note": "",
      }
    }
    key="2"
  />
  <_default
    expense={
      Object {
        "amount": 12100,
        "createdAt": 345600000,
        "description": "Credit card",
        "id": "3",
        "note": "",
      }
    }
    key="3"
  />
</div>
`;

exports[`should show no expense available on expense list component test 1`] = `
<div>
  <h2>
     No Expenses Available
  </h2>
</div>
`;
