// Jest Snapshot v1, https://goo.gl/fbAQLP

exports[`should show expense item details for a passed item 1`] = `
<[object Object]
  className="list-item"
  to="/edit/3"
>
  <div>
    <h2
      className="list-item__title"
    >
      Credit card
    </h2>
    <span
      className="list-item__sub-title"
    >
      January 5th, 1970
    </span>
  </div>
  <h3
    className="list-item__data"
  >
    $12,100.00
  </h3>
</[object Object]>
`;
